[fr.y8.com/games/plume_and_the_forgotten_letter.html]
[backblue.gif]
[fade.gif]
[index.html]
[img-hws.y8.com/mobile_launch_icons/y8-192.png]
[img-hws.y8.com/assets/ads_block-bdb05adcd9e98c0e0b45359346e83554ef184373947e18de19e5e06b2fad4980.js]
[securepubads.g.doubleclick.net/tag/js/gpt.js]
[img-hws.y8.com/assets/ads/gam_prebid-0d27de4cf6e44f80ebf9b8a11646c1d6762395d54ba17af39a52ae318abaa8e8.js]
[img-hws.y8.com/packs/js/y8/application-9b04b8190c31cb467b23.js]
[img-hws.y8.com/packs/css/y8/application-4350128e.css]
[img-hws.y8.com/assets/y8.com/latin-c0ca1e6f54c76dcec62ecdcc23df3507f959f4232fd2ad43fdc84cf68386c14a.css]
[img-hws.y8.com/assets/y8-28815cc6b0a65f6746cdbad4ea1a75c9a61f683204e04da1f72a2cabd8635533.js]
[img-hws.y8.com/packs/js/controllers/items/show-8eb29b67e138fe883b16.js]
[fr.y8.com/games/plume_and_the_forgotten_letter.js]
[s7.addthis.com/js/300/addthis_widget.js]
[cdn.y8.com/profile_pictures/Arcane-Background-large.c.delayed]
[img-hws.y8.com/assets/y8/instagram-dc22557a2b9c2b70f1e1fc4295ff614d2573ef5f178793bc6926f20624ba374b.png]
[img-hws.y8.com/assets/y8/default_avatar-91f09b24bfab1b9162a1bc1f31a475a1b55461b0a3cae889628f407a8fe0b77f.jpg]
[img-hws.y8.com/cloud/v2-y8-thumbs-small-thumbnails-001/141753/small.gif]
[imasdk.googleapis.com/js/sdkloader/outstream.js]
[img-hws.y8.com/assets/spinner-5f5b271a335601ed1f03c9ea4af9e708517e8fa4977229307ca47e02b5ab84a3.gif]
[img-hws.y8.com/assets/avatar-small-23a2c01fdf14d24f56a155bd184db08ac21046d69d958c488e1e3c8d00fadc32.png]
[img-hws.y8.com/assets/avatars/male/1-48x48-e7b70373a1323b243c41013c1b94a59a49290351d82a1e9207eba857efefe616.png]
[img-hws.y8.com/assets/avatars/female/1-48x48-aaa73d820506008cab449f73d37a320da93efae96b1b7665a7b7636468e092f8.png]
[img-hws.y8.com/assets/avatars/animal/1-48x48-622b924cc64931ca1d8aab5a9223ce875a730ed702b8088a18e97e0a2c138383.png]
[img-hws.y8.com/assets/avatars/monster-1/1-48x48-ed9ecc89b2d72f0ecc0b091b761697ede3495954616e8a2f7a57de18deea676a.png]
[img-hws.y8.com/assets/avatars/monster-2/1-48x48-fa05d737df7e9a1e4555d3dedfcd66b0db0aadb6c0509c34f892f82a2f60fa92.png]
[img-hws.y8.com/assets/avatars/male/2-48x48-1e80111d0078dc16a2b986987102bcdb8cad32d4b471b8017440c7be039cc0f9.png]
[img-hws.y8.com/assets/avatars/female/2-48x48-959378509839044ddd275b79c77b746619588036df7efbc2046d9b470d0f4a5a.png]
[img-hws.y8.com/assets/avatars/animal/2-48x48-6e308a0d142e34ae2ff77650cb7a2a7cdfb9518211760f7cd7ba9aa21783032e.png]
[img-hws.y8.com/assets/avatars/monster-1/2-48x48-2fa006dbaf446b6150a68865717cc5b2130d43eb1d0346397abc7863ab8526d9.png]
[img-hws.y8.com/assets/avatars/monster-2/2-48x48-ae5fab6ee72bb9cdcafe29001697ba3695f797c77be0f31280f2125a6a2f88c6.png]
[img-hws.y8.com/assets/avatars/male/3-48x48-1b30406c5ebec88e7ad6058ef8dd04cc6e3acabde8c2a8dfeee9b48adf129fcd.png]
[img-hws.y8.com/assets/avatars/female/3-48x48-0c47e7153236014af3fc6e473696c6c7498dddd1ba58909fa68f6a20cc004605.png]
[img-hws.y8.com/assets/avatars/animal/3-48x48-d7cae88e7c38229c3907f1ac2c270189d138b602cf99b8d8389bfd5f36fe1782.png]
[img-hws.y8.com/assets/avatars/monster-1/3-48x48-20ab08a696a349055a672bf71c505d9a4d152ae2374e003440a539f37c49c1e2.png]
[img-hws.y8.com/assets/avatars/monster-2/3-48x48-47fa71755d9dbf84fc3bd87668ad08b01c447c3dbdfcfd0fc3b5f53818b3ad34.png]
[img-hws.y8.com/assets/avatars/male/4-48x48-510be51b7734cba4e0cd73a3ada8630a54d647abe682e33aeaa772d6c1aecdb5.png]
[img-hws.y8.com/assets/avatars/female/4-48x48-a1e22efac69cf37d95ea49be399a494bcac70ca39a220de71cf9f280729ad707.png]
[img-hws.y8.com/assets/avatars/animal/4-48x48-63891093f643f570746723f6ab06d6ee95f26ae69a73219ec8bee54ff2519ae6.png]
[img-hws.y8.com/assets/avatars/monster-1/4-48x48-f4ce135d1a3b9a7be3b246e4d450a4e2ab0d6c5c9e221274c72ad8233cdbc182.png]
[img-hws.y8.com/assets/avatars/monster-2/4-48x48-06a372053e49bedde536a41ea2be5f3f81282af5013d78462eedf690dfddc7a4.png]
[img-hws.y8.com/assets/avatars/male/5-48x48-6f6ddaeb6c6abaf5492e680f913f5ca6504f20f9439e0eeebf7ae8976b49f619.png]
[img-hws.y8.com/assets/avatars/female/5-48x48-106d6ae7d7783c2b2d655239582fddc8c980e09cd0c6de30c4a3fcbe837a13b5.png]
[img-hws.y8.com/assets/avatars/animal/5-48x48-bc34732341f45ef0e9b1ebe79070cb9f9a39b1b7e19a3a959f234237919cb4a7.png]
[img-hws.y8.com/assets/avatars/monster-1/5-48x48-e0f52e4b835b3c9d74da2dda9e06cc0367060713afdff83e5c443f5edf123e14.png]
[img-hws.y8.com/assets/avatars/monster-2/5-48x48-08c30a9b5cda0e581373c5d769a1550285f19a6d895aab8dd427d275ee7e0c81.png]
[img-hws.y8.com/assets/avatars/male/6-48x48-7f26e2f44f4839c4d57ae5bc3e29285b2261ce623c9e24d8b268cd117e045989.png]
[img-hws.y8.com/assets/avatars/female/6-48x48-d0948ad1526c19010809b148f703f8c5f6c9854a51def8de64c9c34908a916c9.png]
[img-hws.y8.com/assets/avatars/animal/6-48x48-c205a1467ee9ab301ae412eb6bbe7ded4a0fa79b9ee61d710b47f6f80fb3384f.png]
[img-hws.y8.com/assets/avatars/monster-1/6-48x48-126564846dc03eb0420ff930e165d389b3ea080327bd0b78c808ae52e0865383.png]
[img-hws.y8.com/assets/avatars/monster-2/6-48x48-74aec5b1f9d5b41f49cac9e771c6ea2d987531d5231e59a0a478271044589ffc.png]
[img-hws.y8.com/assets/avatars/male/7-48x48-2ffe528035b2cf4c85720b264f8ff8a54e2d945ce2fb03f961d966b86a7c33c2.png]
[img-hws.y8.com/assets/avatars/female/7-48x48-d0c5d4a66a541cea0718b5492cebdbff688ce52e42457a86de62b03921ed6d2e.png]
[img-hws.y8.com/assets/avatars/animal/7-48x48-dc7bb71cca4932302af21f80461a0b97fd4ccb8d58966bd9fbe4ca87aa248648.png]
[img-hws.y8.com/assets/avatars/monster-1/7-48x48-6ea82898442156a4266e2d27bda6cd52120738e75e594ac829207624c4dbbb53.png]
[img-hws.y8.com/assets/avatars/monster-2/7-48x48-4604ca28a40f95fa065c09b1eab96b4053a1e247835ef7212f9be4f43f386519.png]
[img-hws.y8.com/assets/avatars/male/8-48x48-ecdd8dd565bef11fd7a4bd96643b52cd4c90477a5b1a5908ce00cc1133847e4d.png]
[img-hws.y8.com/assets/avatars/female/8-48x48-4af6f13ae5123beeaa5fab0f76ff01418fa8b61a636aa5f7db50afc84cd5568a.png]
[img-hws.y8.com/assets/avatars/animal/8-48x48-4c72ad09394a92d33c6cfeda8a39072eda987b8f051f104abf97c17d09e458ce.png]
[img-hws.y8.com/assets/avatars/monster-1/8-48x48-1a4c1faa5aaae0db86df52e37314908ebb11bfe610754424c43596c590f8e86e.png]
[img-hws.y8.com/assets/avatars/monster-2/8-48x48-1a8068dd803214926eac3cc96bbbf494fa7addd56076f88070a2cacd0e61f35c.png]
[img-hws.y8.com/assets/avatars/male/9-48x48-5a7c3869fd8964a3ca2ee97186e1639b01d807f5bf0eb8842874515a7bf4de52.png]
[img-hws.y8.com/assets/avatars/female/9-48x48-561a3d0717765bb845042f358751226df42de9598282ed00b5f03b95b6b6b5bd.png]
[img-hws.y8.com/assets/avatars/animal/9-48x48-1368b467cf64e3edeb6d47e8a1752530e1d8a849277fd39f7d6413843a0f87e0.png]
[img-hws.y8.com/assets/avatars/monster-1/9-48x48-7b63cb95401ddaf8b95f0c5b64d668fede2f0e4ecba3ff5ba18c3d179fc6e2f9.png]
[img-hws.y8.com/assets/avatars/monster-2/9-48x48-a36acb1534a0b3be78a3fe533ee35e78eb4e5d5fc6f86d3cf728dd925c617f1e.png]
[fr.y8.com/games/legal_hacker.html]
[fr.y8.com/games/ghost_finder.html]
[fr.y8.com/games/commando_.html]
[fr.y8.com/games/caught_on_tape.html]
[fr.y8.com/games/crate_before_attack.html]
[fr.y8.com/games/tps_mini_sandbox_zombie_shooter.html]
[fr.y8.com/games/dread_station.html]
[fr.y8.com/games/halloween_shooter_3d.html]
[fr.y8.com/games/surze.html]
[fr.y8.com/games/dubstep_ghost.html]
[fr.y8.com/games/coloring_for_kids.html]
[fr.y8.com/games/chicken_wars_.html]
[fr.y8.com/games/winter_clash_3d.html]
[fr.y8.com/games/santa_haircut.html]
[fr.y8.com/games/my_xmas_selfie.html]
[fr.y8.com/games/mia_christmas_gingerbread_house.html]
[fr.y8.com/games/my_christmas_party_prep.html]
[fr.y8.com/games/stack_the_gifts_xmas.html]
[fr.y8.com/games/christmas_trains.html]
[fr.y8.com/games/ordeals_of_december.html]
[fr.y8.com/games/christmas_double_date.html]
[fr.y8.com/games/snow_rider_3d.html]
[fr.y8.com/games/santa_snake.html]
[fr.y8.com/games/adam_and_eve_go_xmas.html]
[fr.y8.com/games/find_the_candy_-_candy_winter.html]
[fr.y8.com/games/from_messy_to_glam_x-mas_party_makeover.html]
[fr.y8.com/games/xmas_joke.html]
[fr.y8.com/games/santa_gift_shooter_.html]
[fr.y8.com/games/ellie_last_minute_shopping_spree.html]
[fr.y8.com/games/christmas_preparations.html]
[img-hws.y8.com/assets/old-logo-40d041c769ecd023e0041b6e6c79f9d1e701dad9d45678911e3aacf7fed874e4.gif]
[img-hws.y8.com/assets/y8/footer_image2-d774ffe7777566c89948723ad685029de860b52e43819fae1f48bad1d2b3745b.png]
[cdn.y8.com/api/sdk.js]
[fr.y8.com/games/plume_and_the_forgotten_letter.html]
[img-hws.y8.com/packs/css/y8/application-4350128e.css]
[mc.yandex.ru/metrika/watch.js]
[img-hws.y8.com/assets/chosen-sprite-3cde13df3c9baedea2fd869a0935de8e43408ba7dec321fe3c8c4414788b8b41.png]
[img-hws.y8.com/assets/chosen-sprite@2x-f811c9f3282470438df5d1b7fe6faf244a0a17124591b467957a91634aac16e8.png]
[img-hws.y8.com/assets/y8.com/latin-c0ca1e6f54c76dcec62ecdcc23df3507f959f4232fd2ad43fdc84cf68386c14a.css]
[cdn.y8.com/profile_pictures/Arcane-Background-large.jpg]
[fr.y8.com/games/legal_hacker/webgl.html]
[fr.y8.com/games/legal_hacker.js]
[img-hws.y8.com/cloud/v2-y8-thumbs-small-thumbnails-001/137362/small.gif]
[fr.y8.com/games/farming_frenzy.html]
[fr.y8.com/games/army_recoup_island.html]
[fr.y8.com/games/infestation.html]
[fr.y8.com/games/lumberjack_story.html]
[fr.y8.com/games/absurd_walls.html]
[fr.y8.com/games/shape_mahjong_.html]
[fr.y8.com/games/backrooms.html]
[fr.y8.com/games/squid_escape_bloody_revenge.html]
[fr.y8.com/games/madness_sierra_nevada.html]
[fr.y8.com/games/spooky_camp_escape.html]
[fr.y8.com/games/fireblob_winter.html]
[fr.y8.com/games/marcel_the_duck.html]
[fr.y8.com/games/grand_action.html]
[fr.y8.com/games/the_book_of_ethan.html]
[fr.y8.com/games/mousy_look.html]
[fr.y8.com/games/samurai_warrios.html]
[fr.y8.com/games/wood_hide_away.html]
[fr.y8.com/games/the_backrooms.html]
[fr.y8.com/games/vex_3.html]
[fr.y8.com/games/fireboy_and_watergirl_5_elements.html]
[fr.y8.com/games/talk_to_my_axe.html]
[fr.y8.com/games/a_grim_love_tale.html]
[fr.y8.com/games/bench_press_the_barbarian.html]
[fr.y8.com/games/be_a_pirate.html]
[fr.y8.com/games/the_light_temple.html]
[fr.y8.com/games/impostor.html]
[fr.y8.com/games/spongebob_s_next_big_adventure.html]
[fr.y8.com/games/legal_hacker.html]
[fr.y8.com/games/ghost_finder/webgl.html]
[fr.y8.com/games/ghost_finder.js]
[img-hws.y8.com/cloud/v2-y8-thumbs-small-thumbnails-001/138102/small.gif]
[fr.y8.com/games/ghorf_the_ghost_saves_halloween.html]
[fr.y8.com/games/_the_odd_tale_of_heckyll_jyde.html]
[fr.y8.com/games/the_house_on_the_left.html]
[fr.y8.com/games/spirits_within_-_the_washing_machine_.html]
[fr.y8.com/games/it_s_playtime_they_are_coming.html]
[fr.y8.com/games/among_shooter.html]
[fr.y8.com/games/become_a_dentist_2.html]
[fr.y8.com/games/sheep_.html]
[fr.y8.com/games/contradiction.html]
[fr.y8.com/games/angry_goliath.html]
[fr.y8.com/games/unicorn.html]
[fr.y8.com/games/iceventure.html]
[fr.y8.com/games/hippie_copter.html]
[fr.y8.com/games/love_crusher.html]
[fr.y8.com/games/no_border.html]
[fr.y8.com/games/rorty.html]
[fr.y8.com/games/snowball_z.html]
[fr.y8.com/games/buggie.html]
[fr.y8.com/games/easter_egg_hunt.html]
[fr.y8.com/games/car_eats_car_underwater_adventure.html]
[fr.y8.com/games/astrobunny_-_past_or_future.html]
[fr.y8.com/games/portalrunner.html]
[fr.y8.com/games/20xx_bounty_hunter.html]
[fr.y8.com/games/ninja_pvp_easter.html]
[fr.y8.com/games/search_for_treasure.html]
[fr.y8.com/games/jimmy_in_the_winterland.html]
[fr.y8.com/games/ghost_finder.html]
[img-hws.y8.com/cloud/v2-y8-thumbs-big-thumbnails-001/109346/big.gif]
[fr.y8.com/games/commando_/webgl.html]
[fr.y8.com/games/commando_.js]
[img-hws.y8.com/cloud/v2-y8-thumbs-small-thumbnails-001/127122/small.gif]
[fr.y8.com/games/agent_pyxel.html]
[fr.y8.com/games/10-103.html]
[fr.y8.com/games/stick_war_new_age.html]
[fr.y8.com/games/killer_io.html]
[fr.y8.com/games/hours_of_reflection.html]
[fr.y8.com/games/gunblood_remastered.html]
[fr.y8.com/games/zombie_reborn.html]
[fr.y8.com/games/the_patriots_fight_and_freedom.html]
[fr.y8.com/games/wounded_winter.html]
[fr.y8.com/games/zero_time.html]
[fr.y8.com/games/10-103_null_kelvin.html]
[fr.y8.com/games/ninja_clash_heroes.html]
[fr.y8.com/games/crime_city_3d.html]
[fr.y8.com/games/airport_clash_3d.html]
[fr.y8.com/games/gunblood.html]
[fr.y8.com/games/infinite_war_2020.html]
[fr.y8.com/games/minecraft_shooter_3d.html]
[fr.y8.com/games/dumb_zombie.html]
[fr.y8.com/games/sniper_assault_squad.html]
[fr.y8.com/games/military_wars_3d_multiplayer.html]
[fr.y8.com/games/death_squad_the_last_mission.html]
[fr.y8.com/games/hide_online.html]
[fr.y8.com/games/ev_io.html]
[fr.y8.com/games/time_shooter_2.html]
[fr.y8.com/games/masked_forces.html]
[fr.y8.com/games/western_sniper.html]
[fr.y8.com/games/soldier_z.html]
[fr.y8.com/games/apple_shooter.html]
[img-hws.y8.com/assets/y8/footer_image1-ab3f4d628a18db50d9cc87b2b1cd3a711da0250459d3f1f30080cfebde8e9582.png]
[fr.y8.com/games/commando_.html]
[img-hws.y8.com/cloud/v2-y8-thumbs-big-thumbnails-001/116764/big.gif]
[fr.y8.com/games/caught_on_tape/webgl.html]
[fr.y8.com/games/caught_on_tape.js]
[img-hws.y8.com/cloud/v2-y8-thumbs-small-thumbnails-001/135425/small.gif]
[fr.y8.com/games/the_last_fort.html]
[fr.y8.com/games/twinchworm.html]
[fr.y8.com/games/light_attack_.html]
[fr.y8.com/games/the_shadow.html]
[fr.y8.com/games/2_volt.html]
[fr.y8.com/games/they_are_coming.html]
[fr.y8.com/games/brazen_ball.html]
[fr.y8.com/games/far_away_.html]
[fr.y8.com/games/sticky_sorcerer.html]
[fr.y8.com/games/encanto_adventure.html]
[fr.y8.com/games/bomb_it_6.html]
[fr.y8.com/games/starship_defender.html]
[fr.y8.com/games/caught_on_tape.html]
[img-hws.y8.com/cloud/v2-y8-thumbs-big-thumbnails-001/115884/big.gif]
[fr.y8.com/games/crate_before_attack.js]
[img-hws.y8.com/cloud/v2-y8-thumbs-small-thumbnails-001/134491/small.gif]
[fr.y8.com/games/candy_io.html]
[fr.y8.com/games/sandbox_ragdoll.html]
[fr.y8.com/games/data_diver.html]
[fr.y8.com/games/self.html]
[fr.y8.com/games/getaway_shootout.html]
[fr.y8.com/games/cooking_with_emma_italian_tiramisu.html]
[fr.y8.com/games/learn_english_for_arabic_native_speakers.html]
[fr.y8.com/games/tornado_io.html]
[fr.y8.com/games/arcade_builder.html]
[fr.y8.com/games/country_labyrinth_2.html]
[fr.y8.com/games/dracunite.html]
[fr.y8.com/games/crate_before_attack.html]
[img-hws.y8.com/cloud/v2-y8-thumbs-big-thumbnails-001/111171/big.gif]
[fr.y8.com/games/tps_mini_sandbox_zombie_shooter/webgl.html]
[hb.improvedigital.com/pbw/headerlift.min6d9d.js]
[fr.y8.com/games/tps_mini_sandbox_zombie_shooter.js]
[img-hws.y8.com/cloud/v2-y8-thumbs-small-thumbnails-001/129285/small.gif]
[fr.y8.com/games/afghan_survival.html]
[fr.y8.com/games/shoot_your_nightmare_halloween_special.html]
[fr.y8.com/games/baccart_html5.html]
[fr.y8.com/games/blackjack_king_offline.html]
[fr.y8.com/games/shoot_your_nightmare_double_trouble.html]
[fr.y8.com/games/extermination_zombies.html]
[fr.y8.com/games/shoot_your_nightmare_space_isolation.html]
[fr.y8.com/games/z_day_shootout.html]
[fr.y8.com/games/call_of_zombies_2.html]
[fr.y8.com/games/zombie_tsunami_online.html]
[fr.y8.com/games/medieval_defense_z.html]
[fr.y8.com/games/gungame_24_pixel.html]
[fr.y8.com/games/silent_night.html]
[fr.y8.com/games/sector_defender.html]
[fr.y8.com/games/hill_billy_hank.html]
[fr.y8.com/games/brust_limit.html]
[fr.y8.com/games/flower_defense_zombie_siege.html]
[fr.y8.com/games/zombie_hunt.html]
[fr.y8.com/games/mineclone_3.html]
[fr.y8.com/games/zombie_shooter_3d.html]
[fr.y8.com/games/warrior_vs_zombies.html]
[fr.y8.com/games/noob_vs_1000_zombies_.html]
[fr.y8.com/games/zombie_defender.html]
[fr.y8.com/games/zombies_at_the_beach_.html]
[fr.y8.com/games/apocalypse_truck.html]
[fr.y8.com/games/tps_mini_sandbox_zombie_shooter.html]
[fr.y8.com/games/halloween_shooter_3d/webgl.html]
[fr.y8.com/games/halloween_shooter_3d.js]
[img-hws.y8.com/cloud/v2-y8-thumbs-small-thumbnails-001/125518/small.gif]
[fr.y8.com/games/oneway_ticket.html]
[fr.y8.com/games/piggy_escape_from_the_pig.html]
[fr.y8.com/games/three_nights_at_fred.html]
[fr.y8.com/games/funny_battle.html]
[fr.y8.com/games/angry_zombies_.html]
[fr.y8.com/games/dubai_dune_challange.html]
[fr.y8.com/games/superhero_race_io.html]
[fr.y8.com/games/fps_assault_shooter.html]
[fr.y8.com/games/halloween_breaker_.html]
[fr.y8.com/games/bullet_party_2.html]
[fr.y8.com/games/jack-o-lantern_pizza.html]
[fr.y8.com/games/combat_zone.html]
[fr.y8.com/games/halloween_mahjong_deluxe_html5.html]
[fr.y8.com/games/last_hope.html]
[fr.y8.com/games/which_is_different_halloween.html]
[fr.y8.com/games/le_chat_fonce_treast_or_treats_.html]
[fr.y8.com/games/super_hot.html]
[fr.y8.com/games/halloween_night_match_3.html]
[fr.y8.com/games/ponypocalypsis.html]
[fr.y8.com/games/mystery_chase.html]
[fr.y8.com/games/industrial_battle_royale.html]
[fr.y8.com/games/spooky_memory.html]
[fr.y8.com/games/mineguy_2_among_them.html]
[fr.y8.com/games/bad_ben.html]
[img-hws.y8.com/assets/y8/footer_image0-07597db3de63f2315cbe494d6ad8a645fcd08d5220987dc4e0d64c6e7cba5111.png]
[fr.y8.com/games/halloween_shooter_3d.html]
[fr.y8.com/games/dread_station/webgl.html]
[fr.y8.com/games/dread_station.js]
[img-hws.y8.com/cloud/y8-thumbs-small-thumbnails-001/108560/small.gif]
[img-hws.y8.com/assets/close-popup-224828fc1d15c569686dcaf3becd013ff96a17bba95b40694223d1d5b46421ee.png]
[fr.y8.com/games/pirate_galaxy.html]
[fr.y8.com/games/defeat_the_monster.html]
[fr.y8.com/games/robot_hero_city_simulator_3d.html]
[fr.y8.com/games/dinky_king.html]
[fr.y8.com/games/zombie_shooter_fps-tps.html]
[fr.y8.com/games/shoot_the_watermelon.html]
[fr.y8.com/games/rumble_arena.html]
[fr.y8.com/games/slendrina_must_die_the_forest.html]
[fr.y8.com/games/warzone.html]
[fr.y8.com/games/army_frontline_mission.html]
[fr.y8.com/games/sniper_mission_3d.html]
[fr.y8.com/games/zombie_mayhem_online.html]
[fr.y8.com/games/paint_busters_online.html]
[fr.y8.com/games/worldz.html]
[fr.y8.com/games/night_city_2047.html]
[fr.y8.com/games/noob_vs_1000_freddys.html]
[fr.y8.com/games/dread_station.html]
[fr.y8.com/games/surze/webgl.html]
[fr.y8.com/games/surze.js]
[fr.y8.com/games/wolf_gun.html]
[fr.y8.com/games/squid_poopy_sniper.html]
[fr.y8.com/games/alias_hyena.html]
[fr.y8.com/games/hero_2_katana.html]
[fr.y8.com/games/the_letter_seeker_of_truths.html]
[fr.y8.com/games/killer_rabbit.html]
[fr.y8.com/games/demon_s_holiday.html]
[fr.y8.com/games/ice_and_fire_twins.html]
[fr.y8.com/games/run_of_life_3d.html]
[fr.y8.com/games/surze.html]
[img-hws.y8.com/cloud/v2-y8-thumbs-big-thumbnails-001/121068/big.gif]
[fr.y8.com/games/dubstep_ghost/webgl.html]
[fr.y8.com/games/dubstep_ghost.js]
[img-hws.y8.com/cloud/v2-y8-thumbs-small-thumbnails-001/139949/small.gif]
[fr.y8.com/games/island_of_mine.html]
[fr.y8.com/games/dave_s_disk.html]
[fr.y8.com/games/color_army.html]
[fr.y8.com/games/block_craft_2.html]
[fr.y8.com/games/10_minutes_till_dawn.html]
[fr.y8.com/games/enliven_.html]
[fr.y8.com/games/melody_shuffle.html]
[fr.y8.com/games/final_defender.html]
[fr.y8.com/games/armedforces_io.html]
[fr.y8.com/games/stacky_run.html]
[fr.y8.com/games/super_jetpack_lizard.html]
[fr.y8.com/games/freefall_tournament.html]
[fr.y8.com/games/ttma_arena.html]
[fr.y8.com/games/slendrina_must_die_the_house.html]
[fr.y8.com/games/evowars_io.html]
[fr.y8.com/games/moon_clash_heroes.html]
[fr.y8.com/games/the_sorcerer.html]
[fr.y8.com/games/high_rise_fall.html]
[fr.y8.com/games/station_meltdown.html]
[fr.y8.com/games/protected_time.html]
[fr.y8.com/games/shot_trigger.html]
[fr.y8.com/games/dubstep_ghost.html]
[fr.y8.com/games/coloring_for_kids.js]
[img-hws.y8.com/cloud/v2-y8-thumbs-small-thumbnails-001/138108/small.gif]
[fr.y8.com/games/cube_surfer_.html]
[fr.y8.com/games/puzzle_game_boys.html]
[fr.y8.com/games/animal_paint.html]
[fr.y8.com/games/vertical_multicar_parking_3d.html]
[fr.y8.com/games/knots_master_3d.html]
[fr.y8.com/games/angry_tiger_coloring.html]
[fr.y8.com/games/beauty_spy_adventure.html]
[fr.y8.com/games/color_circle_.html]
[fr.y8.com/games/mia_s_burger_fest.html]
[fr.y8.com/games/love_pins.html]
[fr.y8.com/games/erase_one_part.html]
[fr.y8.com/games/zoo_match.html]
[fr.y8.com/games/yes_that_dress_.html]
[fr.y8.com/games/pixel_art_challenge.html]
[fr.y8.com/games/pirate_girl_creator.html]
[fr.y8.com/games/color_match_3d.html]
[fr.y8.com/games/draw_a_portrait_in_90_seconds.html]
[fr.y8.com/games/happy_crayons.html]
[fr.y8.com/games/didi_friends_colouring_book.html]
[fr.y8.com/games/sweet_pony_coloring_book.html]
[fr.y8.com/games/mosaic_puzzle_art.html]
[fr.y8.com/games/color_pixel_art_classic.html]
[fr.y8.com/games/pixario.html]
[fr.y8.com/games/pencil_rush_online.html]
[fr.y8.com/games/princess_tattoo_work.html]
[fr.y8.com/games/water_color.html]
[fr.y8.com/games/diamond_painting_asmr_coloring.html]
[fr.y8.com/games/mosaic_fantasy.html]
[fr.y8.com/games/lina_babysitter.html]
[fr.y8.com/games/teen_titans_go_how_to_draw_beast_boy.html]
[fr.y8.com/games/coloring_for_kids.html]
[fr.y8.com/games/chicken_wars_/webgl.html]
[fr.y8.com/games/chicken_wars_.js]
[img-hws.y8.com/cloud/v2-y8-thumbs-small-thumbnails-001/129286/small.gif]
[fr.y8.com/games/hyper_scary_halloween_party.html]
[fr.y8.com/games/precision_online.html]
[fr.y8.com/games/dunk.html]
[fr.y8.com/games/truck_off-road_simulator.html]
[fr.y8.com/games/atv_offroad_2.html]
[fr.y8.com/games/throne_defender.html]
[fr.y8.com/games/tank_game_online.html]
[fr.y8.com/games/wildlife_hunters_fury.html]
[fr.y8.com/games/masked_io.html]
[fr.y8.com/games/silly_bombs_and_space_invaders.html]
[fr.y8.com/games/me_alone_2.html]
[fr.y8.com/games/warzone_mercenaries.html]
[fr.y8.com/games/stickman_hunter.html]
[fr.y8.com/games/chainsaw_dance.html]
[fr.y8.com/games/red_handed.html]
[fr.y8.com/games/time_shooter.html]
[fr.y8.com/games/chicken_wars_.html]
[fr.y8.com/games/winter_clash_3d.js]
[cdn.y8.com/profile_pictures/alb_skender-large.jpg]
[img-hws.y8.com/assets/y8/play-button-3cc9f80cc6e5b369b0eae3ecc348cea198a66391c43c5a7b12b93dfb6935aa92.png]
[img-hws.y8.com/cloud/v2-y8-thumbs-video-thumbnails-001/283900/s180x135_video_thumbnail.jpg]
[fr.y8.com/games/rocket_clash_3d.html]
[fr.y8.com/games/subway_clash_3d.html]
[fr.y8.com/games/subway_clash_2.html]
[fr.y8.com/games/zombie_clash_3d.html]
[fr.y8.com/games/sniper_clash_3d.html]
[fr.y8.com/games/farm_clash_3d.html]
[fr.y8.com/games/vegas_clash_3d.html]
[fr.y8.com/games/pubg_pixel.html]
[fr.y8.com/games/drunken_archers_duel.html]
[fr.y8.com/games/fields_of_fury.html]
[fr.y8.com/games/mini_royale_2_io.html]
[fr.y8.com/games/football_legends_2019.html]
[fr.y8.com/games/christmas_klondike_solitaire.html]
[fr.y8.com/games/christmas_slingshot.html]
[fr.y8.com/games/mr_hunter_2d.html]
[fr.y8.com/games/christmas_time_difference.html]
[fr.y8.com/games/sniper_shot_bullet_time.html]
[fr.y8.com/games/winter_mahjong.html]
[fr.y8.com/games/sniper_3d.html]
[fr.y8.com/games/winter_differences_.html]
[fr.y8.com/games/christmas_float_connect.html]
[fr.y8.com/games/mr_jack_vs_zombies.html]
[fr.y8.com/games/snow_man_balance.html]
[fr.y8.com/games/staying_home_christmas_eve.html]
[fr.y8.com/games/soviet_sniper.html]
[fr.y8.com/games/winter_bubbles_.html]
[fr.y8.com/games/zombie_sniper.html]
[fr.y8.com/games/winter_clash_3d.html]
[img-hws.y8.com/cloud/v2-y8-thumbs-big-thumbnails-001/119621/big.gif]
[fr.y8.com/games/santa_haircut.js]
[img-hws.y8.com/cloud/v2-y8-thumbs-small-thumbnails-001/138440/small.gif]
[img-hws.y8.com/cloud/v2-y8-thumbs-video-thumbnails-001/310033/s180x135_video_thumbnail.jpg]
[fr.y8.com/games/man_haircut.html]
[fr.y8.com/games/cool_boys_makeover.html]
[fr.y8.com/games/mummy_plastic_surgery.html]
[fr.y8.com/games/carol_s_haircut_salon.html]
[fr.y8.com/games/blonde_ashley_haircut.html]
[fr.y8.com/games/cute_lips_plastic_surgery.html]
[fr.y8.com/games/princess_gallbladder_surgery.html]
[fr.y8.com/games/draw_tattoo.html]
[fr.y8.com/games/funny_throat_surgery_2.html]
[fr.y8.com/games/funny_nose_surgery.html]
[fr.y8.com/games/catwalk_battle.html]
[fr.y8.com/games/cute_cat_hospital.html]
[fr.y8.com/games/xmas_rush.html]
[fr.y8.com/games/kitty_haircut.html]
[fr.y8.com/games/campus_divas.html]
[fr.y8.com/games/defend_santa_s_house.html]
[fr.y8.com/games/cyberpunk_vs_candy_fashion_rivalry.html]
[fr.y8.com/games/princesses_fashion_game.html]
[fr.y8.com/games/holiday_deco_handmade_shop.html]
[fr.y8.com/games/ever_after_high_goth_princesses.html]
[fr.y8.com/games/colors_of_summer_princesses_edition.html]
[fr.y8.com/games/christmas_gifts_html5.html]
[fr.y8.com/games/princesses_chillin_at_the_pool.html]
[fr.y8.com/games/high_school_break_up_drama.html]
[fr.y8.com/games/christmas_performance.html]
[fr.y8.com/games/my_perfect_rainy_day_look.html]
[fr.y8.com/games/popular_girl.html]
[fr.y8.com/games/santa_winter_head_soccer.html]
[fr.y8.com/games/princess_endodontist_care.html]
[fr.y8.com/games/princess_prom_photoshoot_.html]
[fr.y8.com/games/santa_haircut.html]
[img-hws.y8.com/cloud/v2-y8-thumbs-big-thumbnails-001/109524/big.gif]
[fr.y8.com/games/my_xmas_selfie.js]
[img-hws.y8.com/cloud/v2-y8-thumbs-small-thumbnails-001/127340/small.gif]
[fr.y8.com/games/vlogger_red_carpet_dress_up.html]
[fr.y8.com/games/what_is_your_princess_style.html]
[fr.y8.com/games/supermodel_runway_dress_up.html]
[fr.y8.com/games/bffs_egirl_vs_softgirl.html]
[fr.y8.com/games/princess_villains.html]
[fr.y8.com/games/princess_gala_host.html]
[fr.y8.com/games/princess_ella_soft_vs_grunge.html]
[fr.y8.com/games/all_year_round_fashion_addict_mermaid_princess.html]
[fr.y8.com/games/girlzone_luxe_sportwear.html]
[fr.y8.com/games/girlzone_oversize.html]
[fr.y8.com/games/princesses_e-girl_fashion_aesthetic.html]
[fr.y8.com/games/princess_pool_party_floats.html]
[fr.y8.com/games/christmas_dentist.html]
[fr.y8.com/games/bonnie_spy_squad.html]
[fr.y8.com/games/ariana_grande_inspired_hairstyles.html]
[fr.y8.com/games/merry_christmas_dress_up_mobile.html]
[fr.y8.com/games/rat_princess.html]
[fr.y8.com/games/princesses_as_gorgeous_bridesmaids.html]
[fr.y8.com/games/ice_princess_christmas.html]
[fr.y8.com/games/sea_monster_princess.html]
[fr.y8.com/games/bad_teeth_makeover.html]
[fr.y8.com/games/christmas_bubble_story.html]
[fr.y8.com/games/plant_monster_princess.html]
[fr.y8.com/games/valentine_s_day_mix_match_dating.html]
[fr.y8.com/games/villains_christmas_party.html]
[fr.y8.com/games/mummy_princess.html]
[fr.y8.com/games/lena_s_foot_treatment_care.html]
[fr.y8.com/games/talking_tom_christmas_time.html]
[fr.y8.com/games/ghost_princess_.html]
[fr.y8.com/games/famous_fashion_designer.html]
[fr.y8.com/games/my_xmas_selfie.html]
[img-hws.y8.com/cloud/v2-y8-thumbs-big-thumbnails-001/120548/big.gif]
[fr.y8.com/games/mia_christmas_gingerbread_house.js]
[img-hws.y8.com/cloud/v2-y8-thumbs-small-thumbnails-001/139414/small.gif]
[fr.y8.com/games/churros_ice_cream.html]
[fr.y8.com/games/fluffy_pancake_maker.html]
[fr.y8.com/games/annie_and_eliza_diy_dress_embroidery.html]
[fr.y8.com/games/lily_slacking_dating_mobile.html]
[fr.y8.com/games/tiktok_divas_candy_style.html]
[fr.y8.com/games/sweet_baby_girl_cleanup_messy_house.html]
[fr.y8.com/games/insta_girls_intergalactic_looks.html]
[fr.y8.com/games/birthday_cake_for_mom.html]
[fr.y8.com/games/loop_churros_ice_cream.html]
[fr.y8.com/games/baby_hazel_gingerbread_house.html]
[fr.y8.com/games/candy_cake_maker_.html]
[fr.y8.com/games/fast_food_takeaway.html]
[fr.y8.com/games/vampire_princess_ghouls.html]
[fr.y8.com/games/around_the_world_winter_holidays.html]
[fr.y8.com/games/tiktok_outfits_of_the_week.html]
[fr.y8.com/games/chocolate_mousse_maker.html]
[fr.y8.com/games/baby_hazel_in_kitchen.html]
[fr.y8.com/games/girlsplay_christmas_tree_deco.html]
[fr.y8.com/games/fashion_dolls_school_date.html]
[fr.y8.com/games/nom_nom_pizza.html]
[fr.y8.com/games/mega_pizza.html]
[fr.y8.com/games/princesses_debutante_ball.html]
[fr.y8.com/games/pizza_chief.html]
[fr.y8.com/games/dream_chefs.html]
[fr.y8.com/games/moto_x3m_winter.html]
[fr.y8.com/games/tea_treatment.html]
[fr.y8.com/games/blackforest_maker.html]
[fr.y8.com/games/princess_kitchen_stories_ice_cream.html]
[fr.y8.com/games/instagirls_christmas_dress_up.html]
[fr.y8.com/games/mia_christmas_gingerbread_house.html]
[fr.y8.com/games/my_christmas_party_prep.js]
[img-hws.y8.com/cloud/v2-y8-thumbs-small-thumbnails-001/146018/small.gif]
[fr.y8.com/games/tiktok_girls_design_my_denim_shorts.html]
[fr.y8.com/games/princesses_met_gala.html]
[fr.y8.com/games/unicorn_princesses.html]
[fr.y8.com/games/my_spirit_animal_outfit.html]
[fr.y8.com/games/sequin_insta_divas.html]
[fr.y8.com/games/witchcore_insta_divas.html]
[fr.y8.com/games/princesses_trending_colors.html]
[fr.y8.com/games/hogwarts_girls.html]
[fr.y8.com/games/superheroes_summer_trends.html]
[fr.y8.com/games/mermaid_new_year_celebration.html]
[fr.y8.com/games/cold_season_deco_trends.html]
[fr.y8.com/games/piggy_in_the_puddle_3_mobile.html]
[fr.y8.com/games/hot_dog_bush.html]
[fr.y8.com/games/fashion_tips_with_ellie.html]
[fr.y8.com/games/sisters_design_my_shoes.html]
[fr.y8.com/games/avocado_toast_instagram.html]
[fr.y8.com/games/thai_holiday_traditional_vs_modern.html]
[fr.y8.com/games/hip_hop_boyz_magazine.html]
[fr.y8.com/games/emma_chocolate_recipe.html]
[fr.y8.com/games/dress_up_bean.html]
[fr.y8.com/games/all_year_round_fashion_addict_blondie.html]
[fr.y8.com/games/princess_fashion_surprise.html]
[fr.y8.com/games/bag_design_shop.html]
[fr.y8.com/games/sandwich_maker.html]
[fr.y8.com/games/my_christmas_party_prep.html]
[fr.y8.com/games/stack_the_gifts_xmas.js]
[img-hws.y8.com/cloud/v2-y8-thumbs-small-thumbnails-001/127456/small.gif]
[fr.y8.com/games/thank_you_santa_.html]
[fr.y8.com/games/eliza_christmas_night.html]
[fr.y8.com/games/stack_the_gifts_xmas.html]
[fr.y8.com/games/christmas_trains.js]
[img-hws.y8.com/cloud/v2-y8-thumbs-small-thumbnails-001/117974/small.gif]
[fr.y8.com/games/social_media_snake.html]
[fr.y8.com/games/among_us_space_run_io.html]
[fr.y8.com/games/pixel_soldiers_jigsaw.html]
[fr.y8.com/games/snow_cars_jigsaw.html]
[fr.y8.com/games/snowball_fight_.html]
[fr.y8.com/games/crazy_rush_io.html]
[fr.y8.com/games/superhero_io_2_chaos_giant.html]
[fr.y8.com/games/among_us_space_run.html]
[fr.y8.com/games/halloween_hidden_objects_html5.html]
[fr.y8.com/games/bow_master_stickman_hero.html]
[fr.y8.com/games/zombie_spot_the_difference.html]
[fr.y8.com/games/gobble_snake.html]
[fr.y8.com/games/train_surfers.html]
[fr.y8.com/games/snakes_and_ladders_html5.html]
[fr.y8.com/games/rail_rush_.html]
[fr.y8.com/games/happy_snakes.html]
[fr.y8.com/games/conduct_this_.html]
[fr.y8.com/games/gulper_io.html]
[fr.y8.com/games/tractor_chained_towing_train.html]
[fr.y8.com/games/snake_rush_.html]
[fr.y8.com/games/candy_train.html]
[fr.y8.com/games/worm_io.html]
[fr.y8.com/games/train_driver_simulator.html]
[fr.y8.com/games/kobra_vs_blocks.html]
[fr.y8.com/games/christmas_trains.html]
[fr.y8.com/games/ordeals_of_december/webgl.html]
[fr.y8.com/games/ordeals_of_december.js]
[img-hws.y8.com/cloud/v2-y8-thumbs-small-thumbnails-001/138474/small.gif]
[fr.y8.com/games/occupied.html]
[fr.y8.com/games/knock_knock_traveling_soulsman.html]
[fr.y8.com/games/pumpkin_spice.html]
[fr.y8.com/games/did_i_die.html]
[fr.y8.com/games/bigger_than_me.html]
[fr.y8.com/games/off_day.html]
[fr.y8.com/games/the_darkside_detective.html]
[fr.y8.com/games/happy_sushi_roll.html]
[fr.y8.com/games/will_you_survive_a_zombie_apocalypse_.html]
[fr.y8.com/games/outer_reach_a_new_beginning.html]
[fr.y8.com/games/you_re_being_audited.html]
[fr.y8.com/games/a_weekend_at_villa_apate.html]
[fr.y8.com/games/civiballs_xmas_levels.html]
[fr.y8.com/games/adam_eve_snow_christmas_edition.html]
[fr.y8.com/games/christmas_triple_mahjong.html]
[fr.y8.com/games/christmas_cookies_.html]
[fr.y8.com/games/advent_mahjong.html]
[fr.y8.com/games/princesses_christmas_glittery_ball.html]
[fr.y8.com/games/christmas_trend_2019_riding_boots.html]
[fr.y8.com/games/back_to_santaland_winter_holidays.html]
[fr.y8.com/games/snowball_fight_html5.html]
[fr.y8.com/games/connect_the_christmas.html]
[fr.y8.com/games/holiday_slots_inc_.html]
[fr.y8.com/games/snegurochka_-_russian_ice_princess.html]
[fr.y8.com/games/santa_claus_differences.html]
[fr.y8.com/games/protect_the_gifts.html]
[fr.y8.com/games/back_to_santaland_snow_in_paradise.html]
[fr.y8.com/games/ordeals_of_december.html]
[img-hws.y8.com/cloud/y8-thumbs/4343/thumbnail464x348.gif]
[fr.y8.com/games/christmas_double_date.js]
[img-hws.y8.com/cloud/y8-thumbs/103186/small.gif]
[fr.y8.com/games/family_dressup.html]
[fr.y8.com/games/y8_avatar_maker.html]
[fr.y8.com/games/blonde_princess_diy_royal_dress.html]
[fr.y8.com/games/the_best_fashion_designer.html]
[fr.y8.com/games/princess_vampire_wedding_makeover.html]
[fr.y8.com/games/wedding_planner.html]
[fr.y8.com/games/boho_vs_hipster.html]
[fr.y8.com/games/titania_queen_of_the_fairies.html]
[fr.y8.com/games/princesses_homecoming_ball.html]
[fr.y8.com/games/mia_s_happy_wedding_celebration.html]
[fr.y8.com/games/plus_size_wedding.html]
[fr.y8.com/games/emma_bedchamber_makeover.html]
[fr.y8.com/games/princesses_party_crashers.html]
[fr.y8.com/games/love_test_with_horoscopes.html]
[fr.y8.com/games/my_dream_boyfriend.html]
[fr.y8.com/games/princesses_trash_my_wedding_dress.html]
[fr.y8.com/games/boyfriend_does_my_valentine_s_makeup.html]
[fr.y8.com/games/princesses_call_me_candy.html]
[fr.y8.com/games/love_test_html.html]
[fr.y8.com/games/bob_s_burgers.html]
[fr.y8.com/games/princesses_grunge_rockstars.html]
[fr.y8.com/games/love_tester_deluxe.html]
[fr.y8.com/games/afropunk_princesses.html]
[fr.y8.com/games/christmas_double_date.html]
[img-hws.y8.com/cloud/v2-y8-thumbs-big-thumbnails-001/119266/big.gif]
[fr.y8.com/games/snow_rider_3d/webgl.html]
[fr.y8.com/games/snow_rider_3d.js]
[img-hws.y8.com/cloud/v2-y8-thumbs-small-thumbnails-001/138057/small.gif]
[img-hws.y8.com/cloud/v2-y8-thumbs-video-thumbnails-001/310151/s180x135_video_thumbnail.jpg]
[fr.y8.com/games/drift_boss.html]
[fr.y8.com/games/color_tunnel.html]
[fr.y8.com/games/slope.html]
[fr.y8.com/games/Wheelie_Bike.html]
[fr.y8.com/games/geometry_jump_.html]
[fr.y8.com/games/xracer.html]
[fr.y8.com/games/backflip_dive_3d.html]
[fr.y8.com/games/death_run_3d.html]
[fr.y8.com/games/bloxorz_2.html]
[fr.y8.com/games/phone_transform.html]
[fr.y8.com/games/tap-tap_shots.html]
[fr.y8.com/games/pick_a_lock.html]
[fr.y8.com/games/christmas_sledge.html]
[fr.y8.com/games/treze_snw_board.html]
[fr.y8.com/games/tap_skiner.html]
[fr.y8.com/games/winter_adventures.html]
[fr.y8.com/games/santas_last_minute_presents.html]
[fr.y8.com/games/santa_s_real_haircuts_.html]
[fr.y8.com/games/treze_snowboard.html]
[fr.y8.com/games/xmas_2020_sudoku.html]
[fr.y8.com/games/snowboard_ski.html]
[fr.y8.com/games/snowboard_hero.html]
[fr.y8.com/games/frozen_christmas_tree.html]
[fr.y8.com/games/smurfy_snowboard.html]
[fr.y8.com/games/snow_rider_3d.html]
[fr.y8.com/games/santa_snake.js]
[cdn.y8.com/profile_pictures/5e4f2cc8bbddbdbd0658f87a-large.jpg]
[fr.y8.com/games/emoji_limax.html]
[fr.y8.com/games/worms_zone.html]
[fr.y8.com/games/worms_io.html]
[fr.y8.com/games/tic_tac_toe_mania.html]
[fr.y8.com/games/paint_io.html]
[fr.y8.com/games/mope_io.html]
[fr.y8.com/games/tic_tac_toe_paper_note_2.html]
[fr.y8.com/games/knife_io.html]
[fr.y8.com/games/classic_snakes_io.html]
[fr.y8.com/games/neonsnake_io.html]
[fr.y8.com/games/snake_neon.html]
[fr.y8.com/games/snaklaus.html]
[fr.y8.com/games/santa_s_helpers_.html]
[fr.y8.com/games/snake_ladder_vs.html]
[fr.y8.com/games/lovely_christmas_.html]
[fr.y8.com/games/hyper_snake.html]
[fr.y8.com/games/princess_magic_christmas_diy_.html]
[fr.y8.com/games/speedy_snake.html]
[fr.y8.com/games/santa_snake.html]
[img-hws.y8.com/cloud/v2-y8-thumbs-big-thumbnails-001/119239/big.gif]
[fr.y8.com/games/adam_and_eve_go_xmas.js]
[img-hws.y8.com/cloud/v2-y8-thumbs-small-thumbnails-001/138028/small.gif]
[fr.y8.com/games/adam_and_eve_golf.html]
[fr.y8.com/games/adam_and_eve_7.html]
[fr.y8.com/games/adam_n_eve_zombies.html]
[fr.y8.com/games/adam_and_eve_game.html]
[fr.y8.com/games/adam_and_eve_go_3.html]
[fr.y8.com/games/adam_and_eve_8.html]
[fr.y8.com/games/adam_and_eve_go.html]
[fr.y8.com/games/adam_n_eve_the_love_quest.html]
[fr.y8.com/games/baby_chicco_adventures.html]
[fr.y8.com/games/roller_ball_5.html]
[fr.y8.com/games/sky_stick.html]
[fr.y8.com/games/bubble_shooter_xmas_pack.html]
[fr.y8.com/games/parkour_block_3.html]
[fr.y8.com/games/baby_cathy_1st_christmas.html]
[fr.y8.com/games/blocky_parkour_ninja.html]
[fr.y8.com/games/demystifying_the_christmas_tree.html]
[fr.y8.com/games/kogama_squid_.html]
[fr.y8.com/games/pixel_mine_challenge.html]
[fr.y8.com/games/baby_hazel_christmas_time.html]
[fr.y8.com/games/thin_ice_.html]
[fr.y8.com/games/supernoob_prison_easter.html]
[fr.y8.com/games/christmas_gifts.html]
[fr.y8.com/games/getting_over_it.html]
[fr.y8.com/games/cooking_with_emma_potato_salad.html]
[fr.y8.com/games/temple_raider.html]
[fr.y8.com/games/wake_the_santa.html]
[fr.y8.com/games/teen_titans_go_jump_city_rescue.html]
[fr.y8.com/games/adam_and_eve_go_xmas.html]
[fr.y8.com/games/find_the_candy_-_candy_winter.js]
[img-hws.y8.com/cloud/y8-thumbs/95404/small.gif]
[fr.y8.com/games/find_the_candy_kids.html]
[fr.y8.com/games/find_the_candy_.html]
[fr.y8.com/games/tangram_birds.html]
[fr.y8.com/games/ninja_darts.html]
[fr.y8.com/games/plumber_pipe_out.html]
[fr.y8.com/games/power_the_bulb.html]
[fr.y8.com/games/hey_i_just_need_some_bread.html]
[fr.y8.com/games/treasure_hunt_html5.html]
[fr.y8.com/games/find_the_candy_-_candy_winter.html]
[fr.y8.com/games/from_messy_to_glam_x-mas_party_makeover.html]
[fr.y8.com/games/xmas_joke.html]
[fr.y8.com/games/santa_gift_shooter_.html]
[fr.y8.com/games/floor_jumper_escape.html]
[fr.y8.com/games/ellie_last_minute_shopping_spree.html]
[fr.y8.com/games/christmas_preparations.html]
[fr.y8.com/games/legal_hacker/webgl.html]
[fr.y8.com/games/farming_frenzy.html]
[fr.y8.com/games/army_recoup_island.html]
[fr.y8.com/games/infestation.html]
[fr.y8.com/games/lumberjack_story.html]
[fr.y8.com/games/absurd_walls.html]
[fr.y8.com/games/shape_mahjong_.html]
[fr.y8.com/games/backrooms.html]
[fr.y8.com/games/squid_escape_bloody_revenge.html]
[fr.y8.com/games/madness_sierra_nevada.html]
[fr.y8.com/games/spooky_camp_escape.html]
[fr.y8.com/games/fireblob_winter.html]
[fr.y8.com/games/marcel_the_duck.html]
[fr.y8.com/games/grand_action.html]
[fr.y8.com/games/the_book_of_ethan.html]
[fr.y8.com/games/mousy_look.html]
[fr.y8.com/games/samurai_warrios.html]
[fr.y8.com/games/wood_hide_away.html]
[fr.y8.com/games/the_backrooms.html]
[fr.y8.com/games/vex_3.html]
[fr.y8.com/games/fireboy_and_watergirl_5_elements.html]
[fr.y8.com/games/talk_to_my_axe.html]
[fr.y8.com/games/a_grim_love_tale.html]
[fr.y8.com/games/bench_press_the_barbarian.html]
[fr.y8.com/games/be_a_pirate.html]
[fr.y8.com/games/the_light_temple.html]
[fr.y8.com/games/impostor.html]
[fr.y8.com/games/spongebob_s_next_big_adventure.html]
[fr.y8.com/games/ghost_finder/webgl.html]
[fr.y8.com/games/ghorf_the_ghost_saves_halloween.html]
[fr.y8.com/games/_the_odd_tale_of_heckyll_jyde.html]
[fr.y8.com/games/the_house_on_the_left.html]
[fr.y8.com/games/spirits_within_-_the_washing_machine_.html]
[fr.y8.com/games/it_s_playtime_they_are_coming.html]
[fr.y8.com/games/among_shooter.html]
[fr.y8.com/games/become_a_dentist_2.html]
